// Jest Snapshot v1, https://goo.gl/fbAQLP

exports[`AI Service PROMPT_TEMPLATES PROMPT_TEMPLATES structure should match snapshot 1`] = `
{
  "GENERATE_CHALLENGE": {
    "system": "You are an expert tutor creating engaging learning challenges across all subjects.",
    "user": "Generate a {{DIFFICULTY}} level challenge for learning {{SKILL}}.
Category: {{CATEGORY}}
Topic: {{TOPIC}}

Create an engaging challenge with clear requirements and helpful hints.",
  },
  "GENERATE_HINTS": {
    "system": "You are a helpful tutor providing progressive hints.",
    "user": "Generate helpful hints for this challenge:
Challenge: {{CHALLENGE_TITLE}}
Description: {{CHALLENGE_DESCRIPTION}}
Difficulty: {{DIFFICULTY}}
Student Attempts: {{ATTEMPTS}}

Create progressive hints from subtle to more revealing.",
  },
  "SUBMIT_FEEDBACK": {
    "system": "You are a supportive tutor providing constructive feedback.",
    "user": "Evaluate this student submission:
Challenge: {{CHALLENGE_TITLE}}
Description: {{CHALLENGE_DESCRIPTION}}
Student's Work: {{SUBMISSION_TEXT}}

Provide encouraging, actionable feedback.",
  },
}
`;

exports[`AI Service generateChallenge generated challenge response structure should match snapshot 1`] = `
{
  "category": "backend",
  "categoryId": "programming",
  "description": "Create a RESTful API for a todo application.",
  "difficulty": "intermediate",
  "estimatedTime": "60 minutes",
  "questionTypes": [
    "mcq",
    "short-answer",
  ],
  "questions": [
    {
      "correctAnswer": 1,
      "explanation": "POST is used to create new resources",
      "options": [
        "GET",
        "POST",
        "PUT",
        "DELETE",
      ],
      "question": "What HTTP method is used to create resources?",
      "type": "mcq",
    },
  ],
  "tips": [
    "Start with a simple server setup",
  ],
  "title": "Build a REST API",
}
`;

exports[`AI Service generateFeedback (legacy) generateFeedback response should match snapshot 1`] = `
{
  "feedback_summary": "Excellent work!",
  "improvements": [
    "Add unit tests",
  ],
  "overall_score": 90,
  "strengths": [
    "Efficient algorithm",
  ],
}
`;

exports[`AI Service generateHints generateHints response should match snapshot 1`] = `
{
  "hints": [
    {
      "hint": "Think step by step",
      "level": 1,
    },
    {
      "hint": "Consider using a hash map",
      "level": 2,
    },
    {
      "hint": "Handle edge cases",
      "level": 3,
    },
  ],
}
`;

exports[`AI Service submitForFeedback feedback response structure should match snapshot 1`] = `
{
  "feedback": "Great job!",
  "improvements": [
    "Add comments",
  ],
  "nextSteps": [
    "Practice algorithms",
  ],
  "score": 85,
  "strengths": [
    "Clean code structure",
  ],
}
`;
